###############################################################################
#
# IAR ELF Linker V9.32.2.340/W64 for ARM                  28/Feb/2026  22:25:42
# Copyright 2007-2023 IAR Systems AB.
#
#    Output file  =
#        C:\Users\Vitali\OneDrive\Embedded_Programming\SELF-Training\IAR\Learning\OOP_IN_C_COOP_SCHED_LED_SW1_SW2\Debug\Exe\Learning_1.out
#    Map file     =
#        C:\Users\Vitali\OneDrive\Embedded_Programming\SELF-Training\IAR\Learning\OOP_IN_C_COOP_SCHED_LED_SW1_SW2\Debug\List\Learning_1.map
#    Command line =
#        -f
#        C:\Users\Vitali\OneDrive\Embedded_Programming\SELF-Training\IAR\Learning\OOP_IN_C_COOP_SCHED_LED_SW1_SW2\Debug\Exe\Learning_1.out.rsp
#        (C:\Users\Vitali\OneDrive\Embedded_Programming\SELF-Training\IAR\Learning\OOP_IN_C_COOP_SCHED_LED_SW1_SW2\Debug\Obj\dbg\Clock.o
#        C:\Users\Vitali\OneDrive\Embedded_Programming\SELF-Training\IAR\Learning\OOP_IN_C_COOP_SCHED_LED_SW1_SW2\Debug\Obj\dbg\Coop_Scheduler.o
#        C:\Users\Vitali\OneDrive\Embedded_Programming\SELF-Training\IAR\Learning\OOP_IN_C_COOP_SCHED_LED_SW1_SW2\Debug\Obj\dbg\Debounce_Switch.o
#        C:\Users\Vitali\OneDrive\Embedded_Programming\SELF-Training\IAR\Learning\OOP_IN_C_COOP_SCHED_LED_SW1_SW2\Debug\Obj\dbg\delay_ms.o
#        C:\Users\Vitali\OneDrive\Embedded_Programming\SELF-Training\IAR\Learning\OOP_IN_C_COOP_SCHED_LED_SW1_SW2\Debug\Obj\dbg\GPIO.o
#        C:\Users\Vitali\OneDrive\Embedded_Programming\SELF-Training\IAR\Learning\OOP_IN_C_COOP_SCHED_LED_SW1_SW2\Debug\Obj\dbg\LED.o
#        C:\Users\Vitali\OneDrive\Embedded_Programming\SELF-Training\IAR\Learning\OOP_IN_C_COOP_SCHED_LED_SW1_SW2\Debug\Obj\dbg\main.o
#        C:\Users\Vitali\OneDrive\Embedded_Programming\SELF-Training\IAR\Learning\OOP_IN_C_COOP_SCHED_LED_SW1_SW2\Debug\Obj\dbg\SysTick.o
#        C:\Users\Vitali\OneDrive\Embedded_Programming\SELF-Training\IAR\Learning\OOP_IN_C_COOP_SCHED_LED_SW1_SW2\Debug\Obj\dbg\Tm4c123gh6pm_Init.o
#        --no_out_extension -o
#        C:\Users\Vitali\OneDrive\Embedded_Programming\SELF-Training\IAR\Learning\OOP_IN_C_COOP_SCHED_LED_SW1_SW2\Debug\Exe\Learning_1.out
#        --redirect _Printf=_PrintfFullNoMb --redirect _Scanf=_ScanfFullNoMb
#        --map
#        C:\Users\Vitali\OneDrive\Embedded_Programming\SELF-Training\IAR\Learning\OOP_IN_C_COOP_SCHED_LED_SW1_SW2\Debug\List\Learning_1.map
#        --config "C:\Program Files\IAR Systems\Embedded Workbench
#        9.1\arm/config/linker/TexasInstruments/TM4C1233H6.icf" --semihosting
#        --entry __iar_program_start --vfe --text_out locale --cpu=Cortex-M4
#        --fpu=VFPv4_sp)
#
###############################################################################

*******************************************************************************
*** RUNTIME MODEL ATTRIBUTES
***

CppFlavor       = *
__CPP_Runtime   = 1
__SystemLibrary = DLib
__dlib_version  = 6


*******************************************************************************
*** HEAP SELECTION
***

The basic heap was selected because --advanced_heap
was not specified and the application did not appear to
be primarily optimized for speed.


*******************************************************************************
*** PLACEMENT SUMMARY
***

"A0":  place at address 0x0 { ro section .intvec };
"P1":  place in [from 0x0 to 0x3'ffff] { ro };
define block CSTACK with size = 4K, alignment = 8 { };
define block HEAP with size = 8K, alignment = 8 { };
"P2":  place in [from 0x2000'0000 to 0x2000'7fff] {
          rw, block CSTACK, block HEAP };
initialize by copy { rw };

  Section            Kind         Address    Size  Object
  -------            ----         -------    ----  ------
"A0":                                        0x40
  .intvec            ro code          0x0    0x40  vector_table_M.o [4]
                                   - 0x40    0x40

"P1":                                       0x4fe
  .text              ro code         0x40   0x132  GPIO.o [1]
  .text              ro code        0x172    0x3a  packbits_init_single.o [4]
  .text              ro code        0x1ac   0x130  main.o [1]
  .text              ro code        0x2dc    0x3c  SysTick.o [1]
  .text              ro code        0x318    0x50  LED.o [1]
  .text              ro code        0x368    0x3c  Debounce_Switch.o [1]
  .text              ro code        0x3a4     0xc  Tm4c123gh6pm_Init.o [1]
  .text              ro code        0x3b0    0x72  Coop_Scheduler.o [1]
  .text              ro code        0x422     0x8  Clock.o [1]
  .text              ro code        0x42a     0x2  vectortrap_M.o [4]
  .text              ro code        0x42c    0x28  data_init.o [4]
  .text              ro code        0x454    0x22  fpinit_M.o [3]
  .iar.init_table    const          0x478    0x10  - Linker created -
  .text              ro code        0x488    0x1e  cmain.o [4]
  .text              ro code        0x4a6     0x4  low_level_init.o [2]
  .text              ro code        0x4aa     0x4  exit.o [2]
  .text              ro code        0x4b0     0xa  cexit.o [4]
  .text              ro code        0x4bc    0x14  exit.o [5]
  .text              ro code        0x4d0    0x1c  cstartup_M.o [4]
  .rodata            const          0x4ec     0x0  packbits_init_single.o [4]
  Initializer bytes  const          0x4ec    0x52  <for P2-1>
                                  - 0x53e   0x4fe

"P2", part 1 of 2:                           0x8e
  P2-1                        0x2000'0000    0x8e  <Init block>
    .data            inited   0x2000'0000    0x14  main.o [1]
    .data            inited   0x2000'0014    0x14  main.o [1]
    .data            inited   0x2000'0028    0x14  main.o [1]
    .data            inited   0x2000'003c    0x10  main.o [1]
    .data            inited   0x2000'004c    0x10  main.o [1]
    .data            inited   0x2000'005c    0x24  main.o [1]
    .data            inited   0x2000'0080     0x4  main.o [1]
    .bss             inited   0x2000'0084     0x4  main.o [1]
    .bss             inited   0x2000'0088     0x4  SysTick.o [1]
    .data            inited   0x2000'008c     0x1  main.o [1]
    .data            inited   0x2000'008d     0x1  main.o [1]
                            - 0x2000'008e    0x8e

"P2", part 2 of 2:                         0x1000
  CSTACK                      0x2000'0090  0x1000  <Block>
    CSTACK           uninit   0x2000'0090  0x1000  <Block tail>
                            - 0x2000'1090  0x1000

Unused ranges:

         From           To      Size
         ----           --      ----
        0x53e     0x3'ffff  0x3'fac2
  0x2000'008e  0x2000'008f       0x2
  0x2000'1090  0x2000'7fff    0x6f70


*******************************************************************************
*** INIT TABLE
***

          Address      Size
          -------      ----
Copy/packbits (__iar_packbits_init_single3)
    1 source range, total size 0x52 (57% of destination):
                0x4ec  0x52
    1 destination range, total size 0x8e:
          0x2000'0000  0x8e



*******************************************************************************
*** MODULE SUMMARY
***

    Module                  ro code  ro data  rw data
    ------                  -------  -------  -------
command line/config:
    -------------------------------------------------
    Total:

C:\Users\Vitali\OneDrive\Embedded_Programming\SELF-Training\IAR\Learning\OOP_IN_C_COOP_SCHED_LED_SW1_SW2\Debug\Obj\dbg: [1]
    Clock.o                       8
    Coop_Scheduler.o            114
    Debounce_Switch.o            60
    GPIO.o                      306
    LED.o                        80
    SysTick.o                    60        2        4
    Tm4c123gh6pm_Init.o          12
    main.o                      304       80      138
    -------------------------------------------------
    Total:                      944       82      142

dl7M_tln.a: [2]
    exit.o                        4
    low_level_init.o              4
    -------------------------------------------------
    Total:                        8

m7M_tls.a: [3]
    fpinit_M.o                   34
    -------------------------------------------------
    Total:                       34

rt7M_tl.a: [4]
    cexit.o                      10
    cmain.o                      30
    cstartup_M.o                 28
    data_init.o                  40
    packbits_init_single.o       58
    vector_table_M.o             64
    vectortrap_M.o                2
    -------------------------------------------------
    Total:                      232

shb_l.a: [5]
    exit.o                       20
    -------------------------------------------------
    Total:                       20

    Gaps                          4        2
    Linker created                        16    4'096
-----------------------------------------------------
    Grand Total:              1'242      100    4'238


*******************************************************************************
*** ENTRY LIST
***

Entry                       Address  Size  Type      Object
-----                       -------  ----  ----      ------
.iar.init_table$$Base         0x478         --   Gb  - Linker created -
.iar.init_table$$Limit        0x488         --   Gb  - Linker created -
?main                         0x489        Code  Gb  cmain.o [4]
BLUE_LED_ON                   0x1bd  0x10  Code  Gb  main.o [1]
BusFault_Handler              0x42b        Code  Wk  vectortrap_M.o [4]
CSTACK$$Base            0x2000'0090         --   Gb  - Linker created -
CSTACK$$Limit           0x2000'1090         --   Gb  - Linker created -
Clock_Init                    0x423   0x2  Code  Gb  Clock.o [1]
DebugMon_Handler              0x42b        Code  Wk  vectortrap_M.o [4]
GPIO_ConfigureInput            0x97  0x64  Code  Gb  GPIO.o [1]
GPIO_ConfigureOutput           0x69  0x2e  Code  Gb  GPIO.o [1]
GPIO_EnablePort                0x41  0x28  Code  Gb  GPIO.o [1]
GPIO_ReadPin                  0x14f  0x24  Code  Gb  GPIO.o [1]
GPIO_WritePin                 0x121  0x2e  Code  Gb  GPIO.o [1]
GREEN_LED_ON                  0x1cd  0x10  Code  Gb  main.o [1]
GetTickCounter                0x303   0x6  Code  Gb  SysTick.o [1]
HardFault_Handler             0x42b        Code  Wk  vectortrap_M.o [4]
LED_off                       0x337  0x1e  Code  Gb  LED.o [1]
LED_on                        0x319  0x1e  Code  Gb  LED.o [1]
LED_toggle                    0x355  0x14  Code  Gb  LED.o [1]
MemManage_Handler             0x42b        Code  Wk  vectortrap_M.o [4]
NMI_Handler                   0x42b        Code  Wk  vectortrap_M.o [4]
PendSV_Handler                0x42b        Code  Wk  vectortrap_M.o [4]
RED_LED_ON                    0x1ad  0x10  Code  Gb  main.o [1]
Region$$Table$$Base           0x478         --   Gb  - Linker created -
Region$$Table$$Limit          0x488         --   Gb  - Linker created -
SVC_Handler                   0x42b        Code  Wk  vectortrap_M.o [4]
Switch1                 0x2000'003c  0x10  Data  Gb  main.o [1]
Switch2                 0x2000'004c  0x10  Data  Gb  main.o [1]
Switch_1                      0x217  0x22  Code  Gb  main.o [1]
Switch_1::lastState_1   0x2000'008c   0x1  Data  Lc  main.o [1]
Switch_2                      0x239  0x22  Code  Gb  main.o [1]
Switch_2::lastState_2   0x2000'008d   0x1  Data  Lc  main.o [1]
SysTick_Handler               0x2f9   0xa  Code  Gb  SysTick.o [1]
SysTick_Init                  0x2dd  0x1c  Code  Gb  SysTick.o [1]
SysTick_Reload_Value          0x425   0x6  Code  Gb  Clock.o [1]
Task                    0x2000'005c  0x24  Data  Gb  main.o [1]
Task_update                   0x3b1  0x72  Code  Gb  Coop_Scheduler.o [1]
TickCounter             0x2000'0088   0x4  Data  Lc  SysTick.o [1]
Tm4c123gh6pm_Init             0x3a5   0xc  Code  Gb  Tm4c123gh6pm_Init.o [1]
UsageFault_Handler            0x42b        Code  Wk  vectortrap_M.o [4]
__cmain                       0x489        Code  Gb  cmain.o [4]
__exit                        0x4bd  0x14  Code  Gb  exit.o [5]
__iar_data_init3              0x42d  0x28  Code  Gb  data_init.o [4]
__iar_init_vfp                0x455        Code  Gb  fpinit_M.o [3]
__iar_packbits_init_single3
                              0x173  0x3a  Code  Gb  packbits_init_single.o [4]
__iar_program_start           0x4d1        Code  Gb  cstartup_M.o [4]
__low_level_init              0x4a7   0x4  Code  Gb  low_level_init.o [2]
__vector_table                  0x0        Data  Gb  vector_table_M.o [4]
_call_main                    0x495        Code  Gb  cmain.o [4]
_exit                         0x4b1        Code  Gb  cexit.o [4]
blue_LED                0x2000'0014  0x14  Data  Gb  main.o [1]
debounce_switch               0x369  0x3c  Code  Gb  Debounce_Switch.o [1]
exit                          0x4ab   0x4  Code  Gb  exit.o [2]
green_LED               0x2000'0028  0x14  Data  Gb  main.o [1]
main                          0x25b  0x58  Code  Gb  main.o [1]
numTasks                0x2000'0080   0x4  Data  Gb  main.o [1]
read_Switch1                  0x1dd   0xe  Code  Gb  main.o [1]
read_Switch2                  0x1eb   0xe  Code  Gb  main.o [1]
redLED                        0x1f9  0x1e  Code  Gb  main.o [1]
redLED::lastBlink       0x2000'0084   0x4  Data  Lc  main.o [1]
red_LED                 0x2000'0000  0x14  Data  Gb  main.o [1]


[1] = C:\Users\Vitali\OneDrive\Embedded_Programming\SELF-Training\IAR\Learning\OOP_IN_C_COOP_SCHED_LED_SW1_SW2\Debug\Obj\dbg
[2] = dl7M_tln.a
[3] = m7M_tls.a
[4] = rt7M_tl.a
[5] = shb_l.a

  1'242 bytes of readonly  code memory
    100 bytes of readonly  data memory
  4'238 bytes of readwrite data memory

Errors: none
Warnings: none
